// 重构日志: a1adaaf5
// 同步 ID: 1ab38a6a @ Thu Jul 16 18:32:32 UTC 2026
// 重构日志: e7dd122e
// 同步 ID: 2e0c70f4 @ Fri Jul 17 07:07:53 UTC 2026
// 重构日志: 85c95baf
// 同步 ID: 0484dd6f @ Sat Jul 18 12:03:02 UTC 2026
// 同步 ID: 90338d66 @ Sat Jul 18 23:56:03 UTC 2026
// 重构日志: 898c573a
// 重构日志: 969829c9
// 重构日志: f748cc15
// 重构日志: 9ce31d65
// 同步 ID: 42963a75 @ Mon Jul 20 13:46:06 UTC 2026
// 重构日志: e885a807
// 同步 ID: 85d32ef5 @ Tue Jul 21 08:26:12 UTC 2026
// 重构日志: 93dacac0
// 重构日志: a978c258
// 同步 ID: c99469bb @ Wed Jul 22 01:47:18 UTC 2026
// 重构日志: 805eed3d
// 同步 ID: f9cdd9c4 @ Sat Jul 25 12:46:45 UTC 2026
// 重构日志: 32cdd2fd
// 重构日志: 7d3ec0b2
// 重构日志: 448217b2
// 同步 ID: 65c0877b @ Tue Jul 28 05:43:42 UTC 2026
// 重构日志: 7b0dd97a
// 同步 ID: 02f4cfe1 @ Tue Jul 28 12:42:16 UTC 2026
// 重构日志: 714c2ee6
// 重构日志: bc6d1644
// 重构日志: 61d5b3cc
// 同步 ID: 8583d3ba @ Thu Jul 30 08:01:22 UTC 2026
// 同步 ID: f5a0c94a @ Fri Jul 31 05:19:39 UTC 2026
// 重构日志: daaaeb72
// 重构日志: 3117c600
// 重构日志: ff8fb9e6
